000 (5513337.000.000) 2026-07-08 20:46:03 Job submitted from host: <128.105.68.113:9618?addrs=128.105.68.113-9618+[2607-f388-2200-100-eaeb-d3ff-fea7-d05e]-9618&alias=ap2002.chtc.wisc.edu&noUDP&sock=schedd_7841_da2f>
    [ JobBatchName = "coherence_huth_encoding_smoke_bundle_5513337" ]
...
040 (5513337.000.000) 2026-07-08 20:49:15 Started transferring input files
	Transferring to host: <128.105.68.19:9618?addrs=128.105.68.19-9618+[2607-f388-2200-100-be97-e1ff-fe9e-57e]-9618&alias=oconnor2003.chtc.wisc.edu&noUDP&sock=backfill1_16_1003370_af1b_69082>
...
040 (5513337.000.000) 2026-07-08 20:49:17 Finished transferring input files
...
001 (5513337.000.000) 2026-07-08 20:49:21 Job executing on host: <128.105.68.19:9618?addrs=128.105.68.19-9618+[2607-f388-2200-100-be97-e1ff-fe9e-57e]-9618&alias=oconnor2003.chtc.wisc.edu&noUDP&sock=startd_11816_5f25>
	SlotName: backfill1_16@oconnor2003.chtc.wisc.edu
	CondorScratchDir = "/var/lib/condor/execute/slot1/dir_2676104/scratch"
	Cpus = 4
	Disk = 41943040
	GPUs = 0
	IoHeavy = 0
	Memory = 24576
...
006 (5513337.000.000) 2026-07-08 20:49:26 Image size of job updated: 35
	35  -  MemoryUsage of job (MB)
	36488  -  ResidentSetSize of job (KB)
...
006 (5513337.000.000) 2026-07-08 20:50:17 Image size of job updated: 348
	348  -  MemoryUsage of job (MB)
	356400  -  ResidentSetSize of job (KB)
...
040 (5513337.000.000) 2026-07-08 20:50:17 Started transferring output files
...
040 (5513337.000.000) 2026-07-08 20:50:17 Finished transferring output files
...
005 (5513337.000.000) 2026-07-08 20:50:17 Job terminated.
	(1) Normal termination (return value 0)
		Usr 0 00:00:02, Sys 0 00:00:00  -  Run Remote Usage
		Usr 0 00:00:00, Sys 0 00:00:00  -  Run Local Usage
		Usr 0 00:00:02, Sys 0 00:00:00  -  Total Remote Usage
		Usr 0 00:00:00, Sys 0 00:00:00  -  Total Local Usage
	7888  -  Run Bytes Sent By Job
	266975420  -  Run Bytes Received By Job
	7888  -  Total Bytes Sent By Job
	266975420  -  Total Bytes Received By Job
	Partitionable Resources :     Usage  Request Allocated 
	   Cpus                 :      0.01        4         4 
	   Disk (KB)            : 696409    41943040  41943040 
	   GPUs                 :                            0 
	   IoHeavy              :                            0 
	   Memory (MB)          :    348       24576     24576 
	   TimeExecute (s)      :     56                       
	   TimeSlotBusy (s)     :     62                       
...
