000 (5513350.000.000) 2026-07-08 20:54:48 Job submitted from host: <128.105.68.113:9618?addrs=128.105.68.113-9618+[2607-f388-2200-100-eaeb-d3ff-fea7-d05e]-9618&alias=ap2002.chtc.wisc.edu&noUDP&sock=schedd_7841_da2f>
    [ JobBatchName = "coherence_huth_encoding_smoke_bundle_uts02_uts03_5513350" ]
...
040 (5513350.000.000) 2026-07-08 20:57:38 Started transferring input files
	Transferring to host: <128.105.68.19:9618?addrs=128.105.68.19-9618+[2607-f388-2200-100-be97-e1ff-fe9e-57e]-9618&alias=oconnor2003.chtc.wisc.edu&noUDP&sock=backfill1_18_1003370_af1b_69103>
...
040 (5513350.000.000) 2026-07-08 20:57:40 Finished transferring input files
...
001 (5513350.000.000) 2026-07-08 20:57:40 Job executing on host: <128.105.68.19:9618?addrs=128.105.68.19-9618+[2607-f388-2200-100-be97-e1ff-fe9e-57e]-9618&alias=oconnor2003.chtc.wisc.edu&noUDP&sock=startd_11816_5f25>
	SlotName: backfill1_18@oconnor2003.chtc.wisc.edu
	CondorScratchDir = "/var/lib/condor/execute/slot1/dir_2680225/scratch"
	Cpus = 4
	Disk = 41943040
	GPUs = 0
	IoHeavy = 0
	Memory = 24576
...
006 (5513350.000.000) 2026-07-08 20:57:48 Image size of job updated: 82
	82  -  MemoryUsage of job (MB)
	83968  -  ResidentSetSize of job (KB)
...
006 (5513350.000.000) 2026-07-08 20:59:16 Image size of job updated: 356
	356  -  MemoryUsage of job (MB)
	365056  -  ResidentSetSize of job (KB)
...
040 (5513350.000.000) 2026-07-08 20:59:16 Started transferring output files
...
040 (5513350.000.000) 2026-07-08 20:59:16 Finished transferring output files
...
005 (5513350.000.000) 2026-07-08 20:59:17 Job terminated.
	(1) Normal termination (return value 0)
		Usr 0 00:00:06, Sys 0 00:00:00  -  Run Remote Usage
		Usr 0 00:00:00, Sys 0 00:00:00  -  Run Local Usage
		Usr 0 00:00:06, Sys 0 00:00:00  -  Total Remote Usage
		Usr 0 00:00:00, Sys 0 00:00:00  -  Total Local Usage
	22515  -  Run Bytes Sent By Job
	266975466  -  Run Bytes Received By Job
	22515  -  Total Bytes Sent By Job
	266975466  -  Total Bytes Received By Job
	Partitionable Resources :     Usage  Request Allocated

	   Cpus                 :      0.00        4         4

	   Disk (KB)            : 696455    41943040  41943040

	   GPUs                 :                            0

	   IoHeavy              :                            0

	   Memory (MB)          :    356       24576     24576

	   TimeExecute (s)      :     96

	   TimeSlotBusy (s)     :     98

...
